C51 COMPILER V9.54   MATRIXKEY                                                             04/22/2023 16:06:41 PAGE 1   


C51 COMPILER V9.54, COMPILATION OF MODULE MATRIXKEY
OBJECT MODULE PLACED IN .\Objects\MatrixKey.obj
COMPILER INVOKED BY: E:\51\C51\BIN\C51.EXE MatrixKey.c OPTIMIZE(8,SPEED) BROWSE INCDIR(E:\51\C51\INC\Atmel) DEBUG OBJECT
                    -EXTEND PRINT(.\Listings\MatrixKey.lst) OBJECT(.\Objects\MatrixKey.obj)

line level    source

   1          #include <REGX52.H>
   2          #include "MatrixKey.h"
   3          #include "Delay.h"
   4          
   5          unsigned char MatrixKey()
   6          {
   7   1              unsigned char keyValue = 0;
   8   1              
   9   1              P1 = 0xFF;
  10   1              P1_3 = 0;
  11   1              if(P1_7 == 0){Delay(10);while(P1_7==0);keyValue = 1;}
  12   1              if(P1_6 == 0){Delay(10);while(P1_6==0);keyValue = 5;}
  13   1              if(P1_5 == 0){Delay(10);while(P1_5==0);keyValue = 9;}
  14   1              if(P1_4 == 0){Delay(10);while(P1_4==0);keyValue = 13;}
  15   1              
  16   1              P1 = 0xFF;
  17   1              P1_2 = 0;
  18   1              if(P1_7 == 0){Delay(10);while(P1_7==0);keyValue = 2;}
  19   1              if(P1_6 == 0){Delay(10);while(P1_6==0);keyValue = 6;}
  20   1              if(P1_5 == 0){Delay(10);while(P1_5==0);keyValue = 10;}
  21   1              if(P1_4 == 0){Delay(10);while(P1_4==0);keyValue = 14;}
  22   1              
  23   1              P1 = 0xFF;
  24   1              P1_1 = 0;
  25   1              if(P1_7 == 0){Delay(10);while(P1_7==0);keyValue = 3;}
  26   1              if(P1_6 == 0){Delay(10);while(P1_6==0);keyValue = 7;}
  27   1              if(P1_5 == 0){Delay(10);while(P1_5==0);keyValue = 11;}
  28   1              if(P1_4 == 0){Delay(10);while(P1_4==0);keyValue = 15;}
  29   1              
  30   1              P1 = 0xFF;
  31   1              P1_0 = 0;
  32   1              if(P1_7 == 0){Delay(10);while(P1_7==0);keyValue = 4;}
  33   1              if(P1_6 == 0){Delay(10);while(P1_6==0);keyValue = 8;}
  34   1              if(P1_5 == 0){Delay(10);while(P1_5==0);keyValue = 12;}
  35   1              if(P1_4 == 0){Delay(10);while(P1_4==0);keyValue = 16;}
  36   1              
  37   1              return keyValue;
  38   1      }


MODULE INFORMATION:   STATIC OVERLAYABLE
   CODE SIZE        =    281    ----
   CONSTANT SIZE    =   ----    ----
   XDATA SIZE       =   ----    ----
   PDATA SIZE       =   ----    ----
   DATA SIZE        =   ----       1
   IDATA SIZE       =   ----    ----
   BIT SIZE         =   ----    ----
END OF MODULE INFORMATION.


C51 COMPILATION COMPLETE.  0 WARNING(S),  0 ERROR(S)
